// Jest Snapshot v1, https://goo.gl/fbAQLP

exports[`Snapshot tests renders correctly when there are no items 1`] = `
<RCTSafeAreaView
  emulateUnlessSupported={true}
>
  <View>
    <View>
      <TextInput
        allowFontScaling={true}
        onChangeText={[Function]}
        placeholder="Artist name"
        rejectResponderTermination={true}
        style={
          Object {
            "alignSelf": "center",
            "borderBottomColor": "#000000",
            "borderBottomWidth": 1,
            "minHeight": 20,
            "width": 200,
          }
        }
        underlineColorAndroid="transparent"
      />
      <View
        accessible={true}
        focusable={true}
        onBlur={[Function]}
        onClick={[Function]}
        onFocus={[Function]}
        onResponderGrant={[Function]}
        onResponderMove={[Function]}
        onResponderRelease={[Function]}
        onResponderTerminate={[Function]}
        onResponderTerminationRequest={[Function]}
        onStartShouldSetResponder={[Function]}
        style={
          Object {
            "alignSelf": "center",
            "backgroundColor": "green",
            "marginTop": 25,
            "minWidth": 320,
            "padding": 5,
          }
        }
      >
        <Text
          style={
            Object {
              "color": "#fff",
              "fontSize": 20,
              "textAlign": "center",
            }
          }
        >
          Show Records
        </Text>
      </View>
    </View>
    <ActivityIndicator
      animating={false}
      color="red"
      hidesWhenStopped={true}
      size="large"
    />
    <View
      style={
        Object {
          "marginTop": 25,
          "padding": 12,
        }
      }
    >
      <RCTScrollView
        data={Array []}
        disableVirtualization={false}
        getItem={[Function]}
        getItemCount={[Function]}
        horizontal={false}
        initialNumToRender={10}
        keyExtractor={[Function]}
        maxToRenderPerBatch={10}
        onContentSizeChange={[Function]}
        onEndReachedThreshold={2}
        onLayout={[Function]}
        onMomentumScrollEnd={[Function]}
        onScroll={[Function]}
        onScrollBeginDrag={[Function]}
        onScrollEndDrag={[Function]}
        removeClippedSubviews={false}
        renderItem={[Function]}
        scrollEventThrottle={50}
        stickyHeaderIndices={Array []}
        updateCellsBatchingPeriod={50}
        viewabilityConfigCallbackPairs={Array []}
        windowSize={21}
      >
        <View />
      </RCTScrollView>
    </View>
  </View>
</RCTSafeAreaView>
`;
